Return	["Start XNTP daemon when starting system", "Servers: 10.20.30.40, 20.40.60.80", "Peers: 1.2.3.4"]
