Return	true
Write	.sysconfig.network.dhcp.DHCLIENT_MODIFY_NTP_CONF "no" true
Write	.sysconfig.network.dhcp nil true
Execute	.target.bash "cd /; /etc/init.d/network restart-all-dhcp-clients" 0
Read	.etc.ntp_conf.all $["comment":"", "file":-1, "kind":"section", "name":"", "type":-1, "value":[]]
Write	.etc.ntp_conf.all $["comment":"", "file":-1, "kind":"section", "name":"", "type":-1, "value":[$["comment":"", "kind":"value", "name":"server", "type":0, "value":"ntp1  options1"], $["comment":"", "kind":"value", "name":"server", "type":0, "value":"127.127.1.2  options_clock"], $["comment":"", "kind":"value", "name":"fudge", "type":0, "value":"127.127.1.2 "], $["comment":"", "kind":"value", "name":"server", "type":0, "value":"ntp2  options2"], $["comment":"", "kind":"value", "name":"peer", "type":0, "value":"peer1  options_peer"]]] true
Write	.etc.ntp_conf nil true
Write	.sysconfig.ntp.NTPD_RUN_CHROOTED "yes" true
Write	.sysconfig.ntp.NTPD_INITIAL_NTPDATE "ntp1 ntp2" true
Write	.sysconfig.ntp nil true
Return	true
